// Jest Snapshot v1, https://goo.gl/fbAQLP

exports[`DataViewTextFilter component should render correctly 1`] = `
<div>
  <div
    class="pf-v5-c-toolbar"
    data-ouia-component-id="DataViewToolbar"
    data-ouia-component-type="PF5/Toolbar"
    data-ouia-safe="true"
    id="pf-random-id-0"
  >
    <div
      class="pf-v5-c-toolbar__content"
    >
      <div
        class="pf-v5-c-toolbar__content-section"
      >
        <div
          class="pf-v5-c-toolbar__item pf-m-search-filter"
        >
          <div
            class="pf-v5-c-toolbar__item"
            data-ouia-component-id="DataViewTextFilter"
          >
            <div
              class="pf-v5-c-text-input-group"
              data-ouia-component-id="DataViewTextFilter-input"
            >
              <div
                class="pf-v5-c-text-input-group__main pf-m-icon"
              >
                <span
                  class="pf-v5-c-text-input-group__text"
                >
                  <span
                    class="pf-v5-c-text-input-group__icon"
                  >
                    <svg
                      aria-hidden="true"
                      class="pf-v5-svg"
                      fill="currentColor"
                      height="1em"
                      role="img"
                      viewBox="0 0 512 512"
                      width="1em"
                    >
                      <path
                        d="M505 442.7L405.3 343c-4.5-4.5-10.6-7-17-7H372c27.6-35.3 44-79.7 44-128C416 93.1 322.9 0 208 0S0 93.1 0 208s93.1 208 208 208c48.3 0 92.7-16.4 128-44v16.3c0 6.4 2.5 12.5 7 17l99.7 99.7c9.4 9.4 24.6 9.4 33.9 0l28.3-28.3c9.4-9.4 9.4-24.6.1-34zM208 336c-70.7 0-128-57.2-128-128 0-70.7 57.2-128 128-128 70.7 0 128 57.2 128 128 0 70.7-57.2 128-128 128z"
                      />
                    </svg>
                  </span>
                  <input
                    aria-label="Test Filter filter"
                    class="pf-v5-c-text-input-group__text-input"
                    id="test-filter"
                    placeholder="Filter by Test Filter"
                    type="text"
                    value="initial value"
                  />
                </span>
              </div>
              <div
                class="pf-v5-c-text-input-group__utilities"
              >
                <button
                  aria-disabled="false"
                  aria-label="Reset"
                  class="pf-v5-c-button pf-m-plain"
                  data-ouia-component-id="OUIA-Generated-Button-plain-2"
                  data-ouia-component-type="PF5/Button"
                  data-ouia-safe="true"
                  type="button"
                >
                  <svg
                    aria-hidden="true"
                    class="pf-v5-svg"
                    fill="currentColor"
                    height="1em"
                    role="img"
                    viewBox="0 0 352 512"
                    width="1em"
                  >
                    <path
                      d="M242.72 256l100.07-100.07c12.28-12.28 12.28-32.19 0-44.48l-22.24-22.24c-12.28-12.28-32.19-12.28-44.48 0L176 189.28 75.93 89.21c-12.28-12.28-32.19-12.28-44.48 0L9.21 111.45c-12.28 12.28-12.28 32.19 0 44.48L109.28 256 9.21 356.07c-12.28 12.28-12.28 32.19 0 44.48l22.24 22.24c12.28 12.28 32.2 12.28 44.48 0L176 322.72l100.07 100.07c12.28 12.28 32.2 12.28 44.48 0l22.24-22.24c12.28-12.28 12.28-32.19 0-44.48L242.72 256z"
                    />
                  </svg>
                </button>
              </div>
            </div>
          </div>
        </div>
      </div>
    </div>
    <div
      class="pf-v5-c-toolbar__content pf-m-chip-container"
    >
      <div
        class="pf-v5-c-toolbar__group"
      >
        <div
          class="pf-v5-c-toolbar__item pf-m-chip-group"
        >
          <div
            aria-labelledby="pf-random-id-1"
            class="pf-v5-c-chip-group pf-m-category"
            data-ouia-component-type="PF5/ChipGroup"
            data-ouia-safe="true"
            role="group"
          >
            <div
              class="pf-v5-c-chip-group__main"
            >
              <span
                class="pf-v5-c-chip-group__label"
                id="pf-random-id-1"
              >
                Test Filter
              </span>
              <ul
                aria-labelledby="pf-random-id-1"
                class="pf-v5-c-chip-group__list"
                role="list"
              >
                <li
                  class="pf-v5-c-chip-group__list-item"
                >
                  <div
                    class="pf-v5-c-chip"
                    data-ouia-component-id="OUIA-Generated-Chip-1"
                    data-ouia-component-type="PF5/Chip"
                    data-ouia-safe="true"
                  >
                    <span
                      class="pf-v5-c-chip__content"
                    >
                      <span
                        class="pf-v5-c-chip__text"
                        id="pf-random-id-2"
                      >
                        initial value
                      </span>
                    </span>
                    <span
                      class="pf-v5-c-chip__actions"
                    >
                      <button
                        aria-disabled="false"
                        aria-label="close"
                        aria-labelledby="remove_pf-random-id-2 pf-random-id-2"
                        class="pf-v5-c-button pf-m-plain"
                        data-ouia-component-id="close"
                        data-ouia-component-type="PF5/Button"
                        data-ouia-safe="true"
                        id="remove_pf-random-id-2"
                        type="button"
                      >
                        <svg
                          aria-hidden="true"
                          class="pf-v5-svg"
                          fill="currentColor"
                          height="1em"
                          role="img"
                          viewBox="0 0 352 512"
                          width="1em"
                        >
                          <path
                            d="M242.72 256l100.07-100.07c12.28-12.28 12.28-32.19 0-44.48l-22.24-22.24c-12.28-12.28-32.19-12.28-44.48 0L176 189.28 75.93 89.21c-12.28-12.28-32.19-12.28-44.48 0L9.21 111.45c-12.28 12.28-12.28 32.19 0 44.48L109.28 256 9.21 356.07c-12.28 12.28-12.28 32.19 0 44.48l22.24 22.24c12.28 12.28 32.2 12.28 44.48 0L176 322.72l100.07 100.07c12.28 12.28 32.2 12.28 44.48 0l22.24-22.24c12.28-12.28 12.28-32.19 0-44.48L242.72 256z"
                          />
                        </svg>
                      </button>
                    </span>
                  </div>
                </li>
              </ul>
            </div>
          </div>
        </div>
      </div>
      <div
        class="pf-v5-c-toolbar__item"
      >
        <button
          aria-disabled="false"
          class="pf-v5-c-button pf-m-link pf-m-inline"
          data-ouia-component-id="DataViewToolbar-clear-all-filters"
          data-ouia-component-type="PF5/Button"
          data-ouia-safe="true"
          type="button"
        >
          Clear filters
        </button>
      </div>
    </div>
  </div>
</div>
`;
