// Jest Snapshot v1, https://goo.gl/fbAQLP

exports[`DataViewTable component should render correctly 1`] = `
<div>
  <table
    aria-label="Repositories table"
    class="pf-v5-c-table pf-m-grid-md"
    data-ouia-component-id="TableExample"
    data-ouia-component-type="PF5/Table"
    data-ouia-safe="true"
    role="grid"
  >
    <thead
      class="pf-v5-c-table__thead"
      data-ouia-component-id="TableExample-thead"
    >
      <tr
        class="pf-v5-c-table__tr"
        data-ouia-component-id="TableExample-tr-head"
        data-ouia-component-type="PF5/TableRow"
        data-ouia-safe="true"
      >
        <th
          class="pf-v5-c-table__th"
          data-ouia-component-id="TableExample-th-0"
          scope="col"
          tabindex="-1"
        >
          Repositories
        </th>
        <th
          class="pf-v5-c-table__th"
          data-ouia-component-id="TableExample-th-1"
          scope="col"
          tabindex="-1"
        >
          Branches
        </th>
        <th
          class="pf-v5-c-table__th"
          data-ouia-component-id="TableExample-th-2"
          scope="col"
          tabindex="-1"
        >
          Pull requests
        </th>
        <th
          class="pf-v5-c-table__th"
          data-ouia-component-id="TableExample-th-3"
          scope="col"
          tabindex="-1"
        >
          Workspaces
        </th>
        <th
          class="pf-v5-c-table__th"
          data-ouia-component-id="TableExample-th-4"
          scope="col"
          tabindex="-1"
        >
          Last commit
        </th>
      </tr>
    </thead>
    <tbody
      class="pf-v5-c-table__tbody"
      role="rowgroup"
    >
      <tr
        class="pf-v5-c-table__tr"
        data-ouia-component-id="TableExample-tr-0"
        data-ouia-component-type="PF5/TableRow"
        data-ouia-safe="true"
      >
        <td
          class="pf-v5-c-table__td"
          data-ouia-component-id="TableExample-td-0-0"
          tabindex="-1"
        >
          one
        </td>
        <td
          class="pf-v5-c-table__td"
          data-ouia-component-id="TableExample-td-0-1"
          tabindex="-1"
        >
          two
        </td>
        <td
          class="pf-v5-c-table__td"
          data-ouia-component-id="TableExample-td-0-2"
          tabindex="-1"
        >
          three
        </td>
        <td
          class="pf-v5-c-table__td"
          data-ouia-component-id="TableExample-td-0-3"
          tabindex="-1"
        >
          four
        </td>
        <td
          class="pf-v5-c-table__td"
          data-ouia-component-id="TableExample-td-0-4"
          tabindex="-1"
        >
          five
        </td>
      </tr>
      <tr
        class="pf-v5-c-table__tr"
        data-ouia-component-id="TableExample-tr-1"
        data-ouia-component-type="PF5/TableRow"
        data-ouia-safe="true"
      >
        <td
          class="pf-v5-c-table__td"
          data-ouia-component-id="TableExample-td-1-0"
          tabindex="-1"
        >
          one - 2
        </td>
        <td
          class="pf-v5-c-table__td"
          data-ouia-component-id="TableExample-td-1-1"
          tabindex="-1"
        />
        <td
          class="pf-v5-c-table__td"
          data-ouia-component-id="TableExample-td-1-2"
          tabindex="-1"
        />
        <td
          class="pf-v5-c-table__td"
          data-ouia-component-id="TableExample-td-1-3"
          tabindex="-1"
        >
          four - 2
        </td>
        <td
          class="pf-v5-c-table__td"
          data-ouia-component-id="TableExample-td-1-4"
          tabindex="-1"
        >
          five - 2
        </td>
      </tr>
      <tr
        class="pf-v5-c-table__tr"
        data-ouia-component-id="TableExample-tr-2"
        data-ouia-component-type="PF5/TableRow"
        data-ouia-safe="true"
      >
        <td
          class="pf-v5-c-table__td"
          data-ouia-component-id="TableExample-td-2-0"
          tabindex="-1"
        >
          one - 3
        </td>
        <td
          class="pf-v5-c-table__td"
          data-ouia-component-id="TableExample-td-2-1"
          tabindex="-1"
        >
          two - 3
        </td>
        <td
          class="pf-v5-c-table__td"
          data-ouia-component-id="TableExample-td-2-2"
          tabindex="-1"
        >
          three - 3
        </td>
        <td
          class="pf-v5-c-table__td"
          data-ouia-component-id="TableExample-td-2-3"
          tabindex="-1"
        >
          four - 3
        </td>
        <td
          class="pf-v5-c-table__td"
          data-ouia-component-id="TableExample-td-2-4"
          tabindex="-1"
        >
          five - 3
        </td>
      </tr>
      <tr
        class="pf-v5-c-table__tr"
        data-ouia-component-id="TableExample-tr-3"
        data-ouia-component-type="PF5/TableRow"
        data-ouia-safe="true"
      >
        <td
          class="pf-v5-c-table__td"
          data-ouia-component-id="TableExample-td-3-0"
          tabindex="-1"
        >
          one - 4
        </td>
        <td
          class="pf-v5-c-table__td"
          data-ouia-component-id="TableExample-td-3-1"
          tabindex="-1"
        >
          two - 4
        </td>
        <td
          class="pf-v5-c-table__td"
          data-ouia-component-id="TableExample-td-3-2"
          tabindex="-1"
        >
          null
        </td>
        <td
          class="pf-v5-c-table__td"
          data-ouia-component-id="TableExample-td-3-3"
          tabindex="-1"
        >
          four - 4
        </td>
        <td
          class="pf-v5-c-table__td"
          data-ouia-component-id="TableExample-td-3-4"
          tabindex="-1"
        >
          five - 4
        </td>
      </tr>
      <tr
        class="pf-v5-c-table__tr"
        data-ouia-component-id="TableExample-tr-4"
        data-ouia-component-type="PF5/TableRow"
        data-ouia-safe="true"
      >
        <td
          class="pf-v5-c-table__td"
          data-ouia-component-id="TableExample-td-4-0"
          tabindex="-1"
        >
          one - 5
        </td>
        <td
          class="pf-v5-c-table__td"
          data-ouia-component-id="TableExample-td-4-1"
          tabindex="-1"
        >
          two - 5
        </td>
        <td
          class="pf-v5-c-table__td"
          data-ouia-component-id="TableExample-td-4-2"
          tabindex="-1"
        >
          three - 5
        </td>
        <td
          class="pf-v5-c-table__td"
          data-ouia-component-id="TableExample-td-4-3"
          tabindex="-1"
        >
          four - 5
        </td>
        <td
          class="pf-v5-c-table__td"
          data-ouia-component-id="TableExample-td-4-4"
          tabindex="-1"
        >
          five - 5
        </td>
      </tr>
      <tr
        class="pf-v5-c-table__tr"
        data-ouia-component-id="TableExample-tr-5"
        data-ouia-component-type="PF5/TableRow"
        data-ouia-safe="true"
      >
        <td
          class="pf-v5-c-table__td"
          data-ouia-component-id="TableExample-td-5-0"
          tabindex="-1"
        >
          one - 6
        </td>
        <td
          class="pf-v5-c-table__td"
          data-ouia-component-id="TableExample-td-5-1"
          tabindex="-1"
        >
          two - 6
        </td>
        <td
          class="pf-v5-c-table__td"
          data-ouia-component-id="TableExample-td-5-2"
          tabindex="-1"
        >
          three - 6
        </td>
        <td
          class="pf-v5-c-table__td"
          data-ouia-component-id="TableExample-td-5-3"
          tabindex="-1"
        >
          four - 6
        </td>
        <td
          class="pf-v5-c-table__td"
          data-ouia-component-id="TableExample-td-5-4"
          tabindex="-1"
        >
          five - 6
        </td>
      </tr>
    </tbody>
  </table>
</div>
`;
