// Jest Snapshot v1, https://goo.gl/fbAQLP

exports[`DataViewTableTree component should render the tree table correctly 1`] = `
<div>
  <div
    class="pf-v5-l-stack"
    data-ouia-component-id="DataView-stack}"
  >
    <div
      class="pf-v5-l-stack__item"
      data-ouia-component-id="DataView-stack-item-0"
    >
      <table
        aria-label="Repositories table"
        class="pf-v5-c-table pf-m-tree-view-grid-md pf-m-tree-view"
        data-ouia-component-id="TreeTableExample"
        data-ouia-component-type="PF5/Table"
        data-ouia-safe="true"
        role="treegrid"
      >
        <thead
          class="pf-v5-c-table__thead"
          data-ouia-component-id="TreeTableExample-thead"
        >
          <tr
            class="pf-v5-c-table__tr"
            data-ouia-component-id="TreeTableExample-tr-head"
            data-ouia-component-type="PF5/TableRow"
            data-ouia-safe="true"
          >
            <th
              class="pf-v5-c-table__th"
              data-ouia-component-id="TreeTableExample-th-0"
              scope="col"
              tabindex="-1"
            >
              Repositories
            </th>
            <th
              class="pf-v5-c-table__th"
              data-ouia-component-id="TreeTableExample-th-1"
              scope="col"
              tabindex="-1"
            >
              Branches
            </th>
            <th
              class="pf-v5-c-table__th"
              data-ouia-component-id="TreeTableExample-th-2"
              scope="col"
              tabindex="-1"
            >
              Pull requests
            </th>
            <th
              class="pf-v5-c-table__th"
              data-ouia-component-id="TreeTableExample-th-3"
              scope="col"
              tabindex="-1"
            >
              Workspaces
            </th>
            <th
              class="pf-v5-c-table__th"
              data-ouia-component-id="TreeTableExample-th-4"
              scope="col"
              tabindex="-1"
            >
              Last commit
            </th>
          </tr>
        </thead>
        <tbody
          class="pf-v5-c-table__tbody"
          role="rowgroup"
        >
          <tr
            aria-expanded="false"
            aria-level="1"
            aria-posinset="1"
            aria-setsize="2"
            class="pf-v5-c-table__tr"
            data-ouia-component-id="OUIA-Generated-TableRow-2"
            data-ouia-component-type="PF5/TableRow"
            data-ouia-safe="true"
          >
            <th
              class="pf-v5-c-table__td pf-v5-c-table__tree-view-title-cell"
              data-ouia-component-id="TreeTableExample-td-0-0"
              tabindex="-1"
            >
              <div
                class="pf-v5-c-table__tree-view-main"
              >
                <span
                  class="pf-v5-c-table__toggle"
                >
                  <button
                    aria-disabled="false"
                    aria-expanded="false"
                    aria-label="Expand row 0"
                    class="pf-v5-c-button pf-m-plain"
                    data-ouia-component-id="OUIA-Generated-Button-plain-1"
                    data-ouia-component-type="PF5/Button"
                    data-ouia-safe="true"
                    tabindex="0"
                    type="button"
                  >
                    <div
                      class="pf-v5-c-table__toggle-icon"
                    >
                      <svg
                        aria-hidden="true"
                        class="pf-v5-svg"
                        fill="currentColor"
                        height="1em"
                        role="img"
                        viewBox="0 0 320 512"
                        width="1em"
                      >
                        <path
                          d="M143 352.3L7 216.3c-9.4-9.4-9.4-24.6 0-33.9l22.6-22.6c9.4-9.4 24.6-9.4 33.9 0l96.4 96.4 96.4-96.4c9.4-9.4 24.6-9.4 33.9 0l22.6 22.6c9.4 9.4 9.4 24.6 0 33.9l-136 136c-9.2 9.4-24.4 9.4-33.8 0z"
                        />
                      </svg>
                    </div>
                  </button>
                </span>
                <span
                  class="pf-v5-c-table__check"
                >
                  <label
                    for="checkbox_id_repository_one"
                  >
                    <div
                      class="pf-v5-c-check pf-m-standalone"
                    >
                      <input
                        aria-invalid="false"
                        aria-label="Row 0 checkbox"
                        class="pf-v5-c-check__input"
                        data-ouia-component-id="OUIA-Generated-Checkbox-1"
                        data-ouia-component-type="PF5/Checkbox"
                        data-ouia-safe="true"
                        id="checkbox_id_repository_one"
                        tabindex="-1"
                        type="checkbox"
                      />
                    </div>
                  </label>
                </span>
                <div
                  class="pf-v5-c-table__tree-view-text"
                >
                  <span
                    class="pf-v5-c-table__tree-view-icon"
                  >
                    <svg
                      aria-hidden="true"
                      class="pf-v5-svg"
                      fill="currentColor"
                      height="1em"
                      role="img"
                      viewBox="0 0 512 512"
                      width="1em"
                    >
                      <path
                        d="M464 128H272l-64-64H48C21.49 64 0 85.49 0 112v288c0 26.51 21.49 48 48 48h416c26.51 0 48-21.49 48-48V176c0-26.51-21.49-48-48-48z"
                      />
                    </svg>
                  </span>
                  <span
                    class="pf-v5-c-table__text"
                  >
                    Repository one
                  </span>
                </div>
                <span
                  class="pf-v5-c-table__tree-view-details-toggle"
                >
                  <button
                    aria-disabled="false"
                    aria-expanded="false"
                    aria-label="Show row details"
                    class="pf-v5-c-button pf-m-plain"
                    data-ouia-component-id="OUIA-Generated-Button-plain-2"
                    data-ouia-component-type="PF5/Button"
                    data-ouia-safe="true"
                    tabindex="-1"
                    type="button"
                  >
                    <span
                      class="pf-v5-c-table__details-toggle-icon"
                    >
                      <svg
                        aria-hidden="true"
                        class="pf-v5-svg"
                        fill="currentColor"
                        height="1em"
                        role="img"
                        viewBox="0 0 512 512"
                        width="1em"
                      >
                        <path
                          d="M328 256c0 39.8-32.2 72-72 72s-72-32.2-72-72 32.2-72 72-72 72 32.2 72 72zm104-72c-39.8 0-72 32.2-72 72s32.2 72 72 72 72-32.2 72-72-32.2-72-72-72zm-352 0c-39.8 0-72 32.2-72 72s32.2 72 72 72 72-32.2 72-72-32.2-72-72-72z"
                        />
                      </svg>
                    </span>
                  </button>
                </span>
              </div>
            </th>
            <td
              class="pf-v5-c-table__td"
              data-ouia-component-id="TreeTableExample-td-0-1"
              tabindex="-1"
            >
              Branch one
            </td>
            <td
              class="pf-v5-c-table__td"
              data-ouia-component-id="TreeTableExample-td-0-2"
              tabindex="-1"
            >
              Pull request one
            </td>
            <td
              class="pf-v5-c-table__td"
              data-ouia-component-id="TreeTableExample-td-0-3"
              tabindex="-1"
            >
              Workspace one
            </td>
            <td
              class="pf-v5-c-table__td"
              data-ouia-component-id="TreeTableExample-td-0-4"
              tabindex="-1"
            >
              Timestamp one
            </td>
          </tr>
          <tr
            aria-expanded="false"
            aria-level="2"
            aria-posinset="1"
            aria-setsize="0"
            class="pf-v5-c-table__tr"
            data-ouia-component-id="OUIA-Generated-TableRow-3"
            data-ouia-component-type="PF5/TableRow"
            data-ouia-safe="true"
            hidden=""
          >
            <th
              class="pf-v5-c-table__td pf-v5-c-table__tree-view-title-cell"
              data-ouia-component-id="TreeTableExample-td-1-0"
              tabindex="-1"
            >
              <div
                class="pf-v5-c-table__tree-view-main"
              >
                <span
                  class="pf-v5-c-table__check"
                >
                  <label
                    for="checkbox_id_repository_two"
                  >
                    <div
                      class="pf-v5-c-check pf-m-standalone"
                    >
                      <input
                        aria-invalid="false"
                        aria-label="Row 1 checkbox"
                        class="pf-v5-c-check__input"
                        data-ouia-component-id="OUIA-Generated-Checkbox-2"
                        data-ouia-component-type="PF5/Checkbox"
                        data-ouia-safe="true"
                        id="checkbox_id_repository_two"
                        tabindex="-1"
                        type="checkbox"
                      />
                    </div>
                  </label>
                </span>
                <div
                  class="pf-v5-c-table__tree-view-text"
                >
                  <span
                    class="pf-v5-c-table__tree-view-icon"
                  >
                    <svg
                      aria-hidden="true"
                      class="pf-v5-svg"
                      fill="currentColor"
                      height="1em"
                      role="img"
                      viewBox="0 0 576 512"
                      width="1em"
                    >
                      <path
                        d="M546.2 9.7c-5.6-12.5-21.6-13-28.3-1.2C486.9 62.4 431.4 96 368 96h-80C182 96 96 182 96 288c0 7 .8 13.7 1.5 20.5C161.3 262.8 253.4 224 384 224c8.8 0 16 7.2 16 16s-7.2 16-16 16C132.6 256 26 410.1 2.4 468c-6.6 16.3 1.2 34.9 17.5 41.6 16.4 6.8 35-1.1 41.8-17.3 1.5-3.6 20.9-47.9 71.9-90.6 32.4 43.9 94 85.8 174.9 77.2C465.5 467.5 576 326.7 576 154.3c0-50.2-10.8-102.2-29.8-144.6z"
                      />
                    </svg>
                  </span>
                  <span
                    class="pf-v5-c-table__text"
                  >
                    Repository two
                  </span>
                </div>
                <span
                  class="pf-v5-c-table__tree-view-details-toggle"
                >
                  <button
                    aria-disabled="false"
                    aria-expanded="false"
                    aria-label="Show row details"
                    class="pf-v5-c-button pf-m-plain"
                    data-ouia-component-id="OUIA-Generated-Button-plain-3"
                    data-ouia-component-type="PF5/Button"
                    data-ouia-safe="true"
                    tabindex="-1"
                    type="button"
                  >
                    <span
                      class="pf-v5-c-table__details-toggle-icon"
                    >
                      <svg
                        aria-hidden="true"
                        class="pf-v5-svg"
                        fill="currentColor"
                        height="1em"
                        role="img"
                        viewBox="0 0 512 512"
                        width="1em"
                      >
                        <path
                          d="M328 256c0 39.8-32.2 72-72 72s-72-32.2-72-72 32.2-72 72-72 72 32.2 72 72zm104-72c-39.8 0-72 32.2-72 72s32.2 72 72 72 72-32.2 72-72-32.2-72-72-72zm-352 0c-39.8 0-72 32.2-72 72s32.2 72 72 72 72-32.2 72-72-32.2-72-72-72z"
                        />
                      </svg>
                    </span>
                  </button>
                </span>
              </div>
            </th>
            <td
              class="pf-v5-c-table__td"
              data-ouia-component-id="TreeTableExample-td-1-1"
              tabindex="-1"
            >
              Branch two
            </td>
            <td
              class="pf-v5-c-table__td"
              data-ouia-component-id="TreeTableExample-td-1-2"
              tabindex="-1"
            >
              Pull request two
            </td>
            <td
              class="pf-v5-c-table__td"
              data-ouia-component-id="TreeTableExample-td-1-3"
              tabindex="-1"
            >
              Workspace two
            </td>
            <td
              class="pf-v5-c-table__td"
              data-ouia-component-id="TreeTableExample-td-1-4"
              tabindex="-1"
            >
              Timestamp two
            </td>
          </tr>
          <tr
            aria-expanded="false"
            aria-level="2"
            aria-posinset="2"
            aria-setsize="0"
            class="pf-v5-c-table__tr"
            data-ouia-component-id="OUIA-Generated-TableRow-4"
            data-ouia-component-type="PF5/TableRow"
            data-ouia-safe="true"
            hidden=""
          >
            <th
              class="pf-v5-c-table__td pf-v5-c-table__tree-view-title-cell"
              data-ouia-component-id="TreeTableExample-td-2-0"
              tabindex="-1"
            >
              <div
                class="pf-v5-c-table__tree-view-main"
              >
                <span
                  class="pf-v5-c-table__check"
                >
                  <label
                    for="checkbox_id_repository_three"
                  >
                    <div
                      class="pf-v5-c-check pf-m-standalone"
                    >
                      <input
                        aria-invalid="false"
                        aria-label="Row 2 checkbox"
                        class="pf-v5-c-check__input"
                        data-ouia-component-id="OUIA-Generated-Checkbox-3"
                        data-ouia-component-type="PF5/Checkbox"
                        data-ouia-safe="true"
                        id="checkbox_id_repository_three"
                        tabindex="-1"
                        type="checkbox"
                      />
                    </div>
                  </label>
                </span>
                <div
                  class="pf-v5-c-table__tree-view-text"
                >
                  <span
                    class="pf-v5-c-table__tree-view-icon"
                  >
                    <svg
                      aria-hidden="true"
                      class="pf-v5-svg"
                      fill="currentColor"
                      height="1em"
                      role="img"
                      viewBox="0 0 576 512"
                      width="1em"
                    >
                      <path
                        d="M546.2 9.7c-5.6-12.5-21.6-13-28.3-1.2C486.9 62.4 431.4 96 368 96h-80C182 96 96 182 96 288c0 7 .8 13.7 1.5 20.5C161.3 262.8 253.4 224 384 224c8.8 0 16 7.2 16 16s-7.2 16-16 16C132.6 256 26 410.1 2.4 468c-6.6 16.3 1.2 34.9 17.5 41.6 16.4 6.8 35-1.1 41.8-17.3 1.5-3.6 20.9-47.9 71.9-90.6 32.4 43.9 94 85.8 174.9 77.2C465.5 467.5 576 326.7 576 154.3c0-50.2-10.8-102.2-29.8-144.6z"
                      />
                    </svg>
                  </span>
                  <span
                    class="pf-v5-c-table__text"
                  >
                    Repository three
                  </span>
                </div>
                <span
                  class="pf-v5-c-table__tree-view-details-toggle"
                >
                  <button
                    aria-disabled="false"
                    aria-expanded="false"
                    aria-label="Show row details"
                    class="pf-v5-c-button pf-m-plain"
                    data-ouia-component-id="OUIA-Generated-Button-plain-4"
                    data-ouia-component-type="PF5/Button"
                    data-ouia-safe="true"
                    tabindex="-1"
                    type="button"
                  >
                    <span
                      class="pf-v5-c-table__details-toggle-icon"
                    >
                      <svg
                        aria-hidden="true"
                        class="pf-v5-svg"
                        fill="currentColor"
                        height="1em"
                        role="img"
                        viewBox="0 0 512 512"
                        width="1em"
                      >
                        <path
                          d="M328 256c0 39.8-32.2 72-72 72s-72-32.2-72-72 32.2-72 72-72 72 32.2 72 72zm104-72c-39.8 0-72 32.2-72 72s32.2 72 72 72 72-32.2 72-72-32.2-72-72-72zm-352 0c-39.8 0-72 32.2-72 72s32.2 72 72 72 72-32.2 72-72-32.2-72-72-72z"
                        />
                      </svg>
                    </span>
                  </button>
                </span>
              </div>
            </th>
            <td
              class="pf-v5-c-table__td"
              data-ouia-component-id="TreeTableExample-td-2-1"
              tabindex="-1"
            >
              Branch three
            </td>
            <td
              class="pf-v5-c-table__td"
              data-ouia-component-id="TreeTableExample-td-2-2"
              tabindex="-1"
            >
              Pull request three
            </td>
            <td
              class="pf-v5-c-table__td"
              data-ouia-component-id="TreeTableExample-td-2-3"
              tabindex="-1"
            >
              Workspace three
            </td>
            <td
              class="pf-v5-c-table__td"
              data-ouia-component-id="TreeTableExample-td-2-4"
              tabindex="-1"
            >
              Timestamp three
            </td>
          </tr>
          <tr
            aria-expanded="false"
            aria-level="1"
            aria-posinset="2"
            aria-setsize="1"
            class="pf-v5-c-table__tr"
            data-ouia-component-id="OUIA-Generated-TableRow-5"
            data-ouia-component-type="PF5/TableRow"
            data-ouia-safe="true"
          >
            <th
              class="pf-v5-c-table__td pf-v5-c-table__tree-view-title-cell"
              data-ouia-component-id="TreeTableExample-td-3-0"
              tabindex="-1"
            >
              <div
                class="pf-v5-c-table__tree-view-main"
              >
                <span
                  class="pf-v5-c-table__toggle"
                >
                  <button
                    aria-disabled="false"
                    aria-expanded="false"
                    aria-label="Expand row 3"
                    class="pf-v5-c-button pf-m-plain"
                    data-ouia-component-id="OUIA-Generated-Button-plain-5"
                    data-ouia-component-type="PF5/Button"
                    data-ouia-safe="true"
                    tabindex="-1"
                    type="button"
                  >
                    <div
                      class="pf-v5-c-table__toggle-icon"
                    >
                      <svg
                        aria-hidden="true"
                        class="pf-v5-svg"
                        fill="currentColor"
                        height="1em"
                        role="img"
                        viewBox="0 0 320 512"
                        width="1em"
                      >
                        <path
                          d="M143 352.3L7 216.3c-9.4-9.4-9.4-24.6 0-33.9l22.6-22.6c9.4-9.4 24.6-9.4 33.9 0l96.4 96.4 96.4-96.4c9.4-9.4 24.6-9.4 33.9 0l22.6 22.6c9.4 9.4 9.4 24.6 0 33.9l-136 136c-9.2 9.4-24.4 9.4-33.8 0z"
                        />
                      </svg>
                    </div>
                  </button>
                </span>
                <span
                  class="pf-v5-c-table__check"
                >
                  <label
                    for="checkbox_id_repository_four"
                  >
                    <div
                      class="pf-v5-c-check pf-m-standalone"
                    >
                      <input
                        aria-invalid="false"
                        aria-label="Row 3 checkbox"
                        class="pf-v5-c-check__input"
                        data-ouia-component-id="OUIA-Generated-Checkbox-4"
                        data-ouia-component-type="PF5/Checkbox"
                        data-ouia-safe="true"
                        id="checkbox_id_repository_four"
                        tabindex="-1"
                        type="checkbox"
                      />
                    </div>
                  </label>
                </span>
                <div
                  class="pf-v5-c-table__tree-view-text"
                >
                  <span
                    class="pf-v5-c-table__tree-view-icon"
                  >
                    <svg
                      aria-hidden="true"
                      class="pf-v5-svg"
                      fill="currentColor"
                      height="1em"
                      role="img"
                      viewBox="0 0 512 512"
                      width="1em"
                    >
                      <path
                        d="M464 128H272l-64-64H48C21.49 64 0 85.49 0 112v288c0 26.51 21.49 48 48 48h416c26.51 0 48-21.49 48-48V176c0-26.51-21.49-48-48-48z"
                      />
                    </svg>
                  </span>
                  <span
                    class="pf-v5-c-table__text"
                  >
                    Repository four
                  </span>
                </div>
                <span
                  class="pf-v5-c-table__tree-view-details-toggle"
                >
                  <button
                    aria-disabled="false"
                    aria-expanded="false"
                    aria-label="Show row details"
                    class="pf-v5-c-button pf-m-plain"
                    data-ouia-component-id="OUIA-Generated-Button-plain-6"
                    data-ouia-component-type="PF5/Button"
                    data-ouia-safe="true"
                    tabindex="-1"
                    type="button"
                  >
                    <span
                      class="pf-v5-c-table__details-toggle-icon"
                    >
                      <svg
                        aria-hidden="true"
                        class="pf-v5-svg"
                        fill="currentColor"
                        height="1em"
                        role="img"
                        viewBox="0 0 512 512"
                        width="1em"
                      >
                        <path
                          d="M328 256c0 39.8-32.2 72-72 72s-72-32.2-72-72 32.2-72 72-72 72 32.2 72 72zm104-72c-39.8 0-72 32.2-72 72s32.2 72 72 72 72-32.2 72-72-32.2-72-72-72zm-352 0c-39.8 0-72 32.2-72 72s32.2 72 72 72 72-32.2 72-72-32.2-72-72-72z"
                        />
                      </svg>
                    </span>
                  </button>
                </span>
              </div>
            </th>
            <td
              class="pf-v5-c-table__td"
              data-ouia-component-id="TreeTableExample-td-3-1"
              tabindex="-1"
            >
              Branch four
            </td>
            <td
              class="pf-v5-c-table__td"
              data-ouia-component-id="TreeTableExample-td-3-2"
              tabindex="-1"
            >
              Pull request four
            </td>
            <td
              class="pf-v5-c-table__td"
              data-ouia-component-id="TreeTableExample-td-3-3"
              tabindex="-1"
            >
              Workspace four
            </td>
            <td
              class="pf-v5-c-table__td"
              data-ouia-component-id="TreeTableExample-td-3-4"
              tabindex="-1"
            >
              Timestamp four
            </td>
          </tr>
          <tr
            aria-expanded="false"
            aria-level="2"
            aria-posinset="1"
            aria-setsize="0"
            class="pf-v5-c-table__tr"
            data-ouia-component-id="OUIA-Generated-TableRow-6"
            data-ouia-component-type="PF5/TableRow"
            data-ouia-safe="true"
            hidden=""
          >
            <th
              class="pf-v5-c-table__td pf-v5-c-table__tree-view-title-cell"
              data-ouia-component-id="TreeTableExample-td-4-0"
              tabindex="-1"
            >
              <div
                class="pf-v5-c-table__tree-view-main"
              >
                <span
                  class="pf-v5-c-table__check"
                >
                  <label
                    for="checkbox_id_repository_five"
                  >
                    <div
                      class="pf-v5-c-check pf-m-standalone"
                    >
                      <input
                        aria-invalid="false"
                        aria-label="Row 4 checkbox"
                        class="pf-v5-c-check__input"
                        data-ouia-component-id="OUIA-Generated-Checkbox-5"
                        data-ouia-component-type="PF5/Checkbox"
                        data-ouia-safe="true"
                        id="checkbox_id_repository_five"
                        tabindex="-1"
                        type="checkbox"
                      />
                    </div>
                  </label>
                </span>
                <div
                  class="pf-v5-c-table__tree-view-text"
                >
                  <span
                    class="pf-v5-c-table__tree-view-icon"
                  >
                    <svg
                      aria-hidden="true"
                      class="pf-v5-svg"
                      fill="currentColor"
                      height="1em"
                      role="img"
                      viewBox="0 0 576 512"
                      width="1em"
                    >
                      <path
                        d="M546.2 9.7c-5.6-12.5-21.6-13-28.3-1.2C486.9 62.4 431.4 96 368 96h-80C182 96 96 182 96 288c0 7 .8 13.7 1.5 20.5C161.3 262.8 253.4 224 384 224c8.8 0 16 7.2 16 16s-7.2 16-16 16C132.6 256 26 410.1 2.4 468c-6.6 16.3 1.2 34.9 17.5 41.6 16.4 6.8 35-1.1 41.8-17.3 1.5-3.6 20.9-47.9 71.9-90.6 32.4 43.9 94 85.8 174.9 77.2C465.5 467.5 576 326.7 576 154.3c0-50.2-10.8-102.2-29.8-144.6z"
                      />
                    </svg>
                  </span>
                  <span
                    class="pf-v5-c-table__text"
                  >
                    Repository five
                  </span>
                </div>
                <span
                  class="pf-v5-c-table__tree-view-details-toggle"
                >
                  <button
                    aria-disabled="false"
                    aria-expanded="false"
                    aria-label="Show row details"
                    class="pf-v5-c-button pf-m-plain"
                    data-ouia-component-id="OUIA-Generated-Button-plain-7"
                    data-ouia-component-type="PF5/Button"
                    data-ouia-safe="true"
                    tabindex="-1"
                    type="button"
                  >
                    <span
                      class="pf-v5-c-table__details-toggle-icon"
                    >
                      <svg
                        aria-hidden="true"
                        class="pf-v5-svg"
                        fill="currentColor"
                        height="1em"
                        role="img"
                        viewBox="0 0 512 512"
                        width="1em"
                      >
                        <path
                          d="M328 256c0 39.8-32.2 72-72 72s-72-32.2-72-72 32.2-72 72-72 72 32.2 72 72zm104-72c-39.8 0-72 32.2-72 72s32.2 72 72 72 72-32.2 72-72-32.2-72-72-72zm-352 0c-39.8 0-72 32.2-72 72s32.2 72 72 72 72-32.2 72-72-32.2-72-72-72z"
                        />
                      </svg>
                    </span>
                  </button>
                </span>
              </div>
            </th>
            <td
              class="pf-v5-c-table__td"
              data-ouia-component-id="TreeTableExample-td-4-1"
              tabindex="-1"
            >
              Branch five
            </td>
            <td
              class="pf-v5-c-table__td"
              data-ouia-component-id="TreeTableExample-td-4-2"
              tabindex="-1"
            >
              Pull request five
            </td>
            <td
              class="pf-v5-c-table__td"
              data-ouia-component-id="TreeTableExample-td-4-3"
              tabindex="-1"
            >
              Workspace five
            </td>
            <td
              class="pf-v5-c-table__td"
              data-ouia-component-id="TreeTableExample-td-4-4"
              tabindex="-1"
            >
              Timestamp five
            </td>
          </tr>
          <tr
            aria-expanded="false"
            aria-level="1"
            aria-posinset="3"
            aria-setsize="0"
            class="pf-v5-c-table__tr"
            data-ouia-component-id="OUIA-Generated-TableRow-7"
            data-ouia-component-type="PF5/TableRow"
            data-ouia-safe="true"
          >
            <th
              class="pf-v5-c-table__td pf-v5-c-table__tree-view-title-cell"
              data-ouia-component-id="TreeTableExample-td-5-0"
              tabindex="-1"
            >
              <div
                class="pf-v5-c-table__tree-view-main"
              >
                <span
                  class="pf-v5-c-table__check"
                >
                  <label
                    for="checkbox_id_repository_six"
                  >
                    <div
                      class="pf-v5-c-check pf-m-standalone"
                    >
                      <input
                        aria-invalid="false"
                        aria-label="Row 5 checkbox"
                        class="pf-v5-c-check__input"
                        data-ouia-component-id="OUIA-Generated-Checkbox-6"
                        data-ouia-component-type="PF5/Checkbox"
                        data-ouia-safe="true"
                        id="checkbox_id_repository_six"
                        tabindex="-1"
                        type="checkbox"
                      />
                    </div>
                  </label>
                </span>
                <div
                  class="pf-v5-c-table__tree-view-text"
                >
                  <span
                    class="pf-v5-c-table__tree-view-icon"
                  >
                    <svg
                      aria-hidden="true"
                      class="pf-v5-svg"
                      fill="currentColor"
                      height="1em"
                      role="img"
                      viewBox="0 0 576 512"
                      width="1em"
                    >
                      <path
                        d="M546.2 9.7c-5.6-12.5-21.6-13-28.3-1.2C486.9 62.4 431.4 96 368 96h-80C182 96 96 182 96 288c0 7 .8 13.7 1.5 20.5C161.3 262.8 253.4 224 384 224c8.8 0 16 7.2 16 16s-7.2 16-16 16C132.6 256 26 410.1 2.4 468c-6.6 16.3 1.2 34.9 17.5 41.6 16.4 6.8 35-1.1 41.8-17.3 1.5-3.6 20.9-47.9 71.9-90.6 32.4 43.9 94 85.8 174.9 77.2C465.5 467.5 576 326.7 576 154.3c0-50.2-10.8-102.2-29.8-144.6z"
                      />
                    </svg>
                  </span>
                  <span
                    class="pf-v5-c-table__text"
                  >
                    Repository six
                  </span>
                </div>
                <span
                  class="pf-v5-c-table__tree-view-details-toggle"
                >
                  <button
                    aria-disabled="false"
                    aria-expanded="false"
                    aria-label="Show row details"
                    class="pf-v5-c-button pf-m-plain"
                    data-ouia-component-id="OUIA-Generated-Button-plain-8"
                    data-ouia-component-type="PF5/Button"
                    data-ouia-safe="true"
                    tabindex="-1"
                    type="button"
                  >
                    <span
                      class="pf-v5-c-table__details-toggle-icon"
                    >
                      <svg
                        aria-hidden="true"
                        class="pf-v5-svg"
                        fill="currentColor"
                        height="1em"
                        role="img"
                        viewBox="0 0 512 512"
                        width="1em"
                      >
                        <path
                          d="M328 256c0 39.8-32.2 72-72 72s-72-32.2-72-72 32.2-72 72-72 72 32.2 72 72zm104-72c-39.8 0-72 32.2-72 72s32.2 72 72 72 72-32.2 72-72-32.2-72-72-72zm-352 0c-39.8 0-72 32.2-72 72s32.2 72 72 72 72-32.2 72-72-32.2-72-72-72z"
                        />
                      </svg>
                    </span>
                  </button>
                </span>
              </div>
            </th>
            <td
              class="pf-v5-c-table__td"
              data-ouia-component-id="TreeTableExample-td-5-1"
              tabindex="-1"
            >
              Branch six
            </td>
            <td
              class="pf-v5-c-table__td"
              data-ouia-component-id="TreeTableExample-td-5-2"
              tabindex="-1"
            >
              Pull request six
            </td>
            <td
              class="pf-v5-c-table__td"
              data-ouia-component-id="TreeTableExample-td-5-3"
              tabindex="-1"
            >
              Workspace six
            </td>
            <td
              class="pf-v5-c-table__td"
              data-ouia-component-id="TreeTableExample-td-5-4"
              tabindex="-1"
            >
              Timestamp six
            </td>
          </tr>
        </tbody>
      </table>
    </div>
  </div>
</div>
`;
